package main

import "fmt"

func PrintHello() {
	fmt.Println("Hello, 世界")
}

func main() {
	fmt.Println("Hello, 世界") // want "inline method"
}
